go : # 
myapi/internal/routes
No linha:1 caractere:1
+ go build ./... 2>&1 | 
tee build_errors.txt
+ ~~~~~~~~~~~~~~~~~~~
    + CategoryInfo       
       : NotSpecified:   
  (# myapi/internal/ro   
 utes:String) [], Rem    
oteException
    + FullyQualifiedErro 
   rId : NativeCommandE  
  rror
 
internal\routes\routes.go
:11:29: undefined: 
handlers
internal\routes\routes.go
:12:34: undefined: 
handlers
internal\routes\routes.go
:13:45: undefined: 
handlers
internal\routes\routes.go
:14:29: undefined: 
handlers
internal\routes\routes.go
:15:29: undefined: 
handlers
internal\routes\routes.go
:16:34: undefined: 
handlers
internal\routes\routes.go
:19:30: undefined: 
listCategoriasHandler
internal\routes\routes.go
:20:34: undefined: 
getCategoriaHandler
internal\routes\routes.go
:21:37: undefined: 
createCategoriaHandler
internal\routes\routes.go
:22:37: undefined: 
updateCategoriaHandler
internal\routes\routes.go
:22:37: too many errors
# myapi
.\main.go:11:2: "myapi/in
ternal/handlers" 
imported and not used
.\main.go:16:2: 
"github.com/gorilla/mux" 
imported and not used
.\main.go:17:2: "github.c
om/swaggo/http-swagger" 
imported as httpSwagger 
and not used
.\main.go:25:41: 
undefined: r
